// Jest Snapshot v1, https://goo.gl/fbAQLP

exports[`Header renders correctly 1`] = `
<ion-header>
  <ion-toolbar>
    <ion-title>
      Default Starter
    </ion-title>
  </ion-toolbar>
</ion-header>
`;
