// Jest Snapshot v1, https://goo.gl/fbAQLP

exports[`Header renders correctly 1`] = `
<ion-header>
  <a
    className="skip-link"
    href="#content"
  >
    Skip to main content
  </a>
  <ion-toolbar>
    <ion-title>
      Default Starter
    </ion-title>
  </ion-toolbar>
</ion-header>
`;
